
> azend-playwright-assignment@1.0.0 test
> cucumber-js

node.exe : Cannot use 'progress-bar' formatter for output to 'stdout' as not a 
TTY. Switching to 'progress' formatter.
At line:1 char:1
+ & "C:\Program Files\nodejs/node.exe" "C:\Program Files\nodejs/node_mo ...
+ ~~~~~~~~~~~~~~~~~~~~~~~~~~~~~~~~~~~~~~~~~~~~~~~~~~~~~~~~~~~~~~~~~~~~~
    + CategoryInfo          : NotSpecified: (Cannot use 'pro...ess' formatter. 
   :String) [], RemoteException
    + FullyQualifiedErrorId : NativeCommandError
 
.......

1 scenario (1 passed)
6 steps (6 passed)
1m00.292s (executing steps: 1m00.272s)
